// Jest Snapshot v1, https://goo.gl/fbAQLP

exports[`Search Owner matches its  1`] = `
<select
  name="default"
  onChange={[Function]}
>
  <option
    value="no options provied"
  >
    Sort by 
    no options provied
  </option>
</select>
`;

exports[`Search Owner matches its snapshot default props 1`] = `
<select
  name="default"
  onChange={[Function]}
>
  <option
    value="no options provied"
  >
    Sort by 
    no options provied
  </option>
</select>
`;
